#
# A fatal error has been detected by the Java Runtime Environment:
#
#  EXCEPTION_ACCESS_VIOLATION (0xc0000005) at pc=0x00007ff8b6c56587, pid=22548, tid=17288
#
# JRE version: Java(TM) SE Runtime Environment (21.0.2+13) (build 21.0.2+13-LTS-58)
# Java VM: Java HotSpot(TM) 64-Bit Server VM (21.0.2+13-LTS-58, mixed mode, sharing, tiered, compressed oops, compressed class ptrs, g1 gc, windows-amd64)
# Problematic frame:
# C  [glass.dll+0x26587]
#
# No core dump will be written. Minidumps are not enabled by default on client versions of Windows
#
# If you would like to submit a bug report, please visit:
#   https://bugreport.java.com/bugreport/crash.jsp
#

---------------  S U M M A R Y ------------

Command Line: -javaagent:C:\Program Files\JetBrains\IntelliJ IDEA 2024.1.1\lib\idea_rt.jar=62387:C:\Program Files\JetBrains\IntelliJ IDEA 2024.1.1\bin -Dfile.encoding=UTF-8 -Dsun.stdout.encoding=UTF-8 -Dsun.stderr.encoding=UTF-8 --module-path=C:\Users\suxov\.m2\repository\org\openjfx\javafx-graphics\21\javafx-graphics-21-win.jar;C:\Users\suxov\.m2\repository\org\openjfx\javafx-base\21\javafx-base-21-win.jar;C:\Users\suxov\.m2\repository\org\openjfx\javafx-fxml\21\javafx-fxml-21-win.jar;C:\Users\suxov\.m2\repository\org\openjfx\javafx-controls\21\javafx-controls-21-win.jar;C:\Users\suxov\IdeaProjects\laba1\target\classes -Djdk.module.main=com.example.laba1_test com.example.laba1_test/com.example.laba1_test.Main

Host: AMD Ryzen 7 5700X 8-Core Processor             , 16 cores, 15G,  Windows 11 , 64 bit Build 22621 (10.0.22621.3958)
Time: Thu Aug 29 16:30:30 2024  Windows 11 , 64 bit Build 22621 (10.0.22621.3958) elapsed time: 11.846814 seconds (0d 0h 0m 11s)

---------------  T H R E A D  ---------------

Current thread (0x00000209199b8640):  VMThread "VM Thread"          [id=17288, stack(0x00000055e8600000,0x00000055e8700000) (1024K)]

Stack: [0x00000055e8600000,0x00000055e8700000],  sp=0x00000055e86fefd0,  free space=1019k
Native frames: (J=compiled Java code, j=interpreted, Vv=VM code, C=native code)
C  [glass.dll+0x26587]


siginfo: EXCEPTION_ACCESS_VIOLATION (0xc0000005), reading address 0x0000000000000000


Registers:
RAX=0x0000000000000000, RBX=0x00000209199c71ca, RCX=0x00000209199b8640, RDX=0x00000055e86fefd0
RSP=0x00000055e86fefd0, RBP=0x000002095f94a948, RSI=0x00000055e86ff0d8, RDI=0x000002095f94a920
R8 =0x0000000000010002, R9 =0x000002095f94a920, R10=0x85f13e9656da4870, R11=0x00000055e86fef60
R12=0x00007ff8b6c53ed0, R13=0x00007ff848d44720, R14=0x0000f49760762359, R15=0x000002095f94a920
RIP=0x00007ff8b6c56587, EFLAGS=0x0000000000010202


Register to memory mapping:

RAX=0x0 is null
RBX=0x00000209199c71ca is a global jni handle
RCX=0x00000209199b8640 points into unknown readable memory: 0x00007ff848b56038 | 38 60 b5 48 f8 7f 00 00
RDX=0x00000055e86fefd0 points into unknown readable memory: 0x0000000000000000 | 00 00 00 00 00 00 00 00
RSP=0x00000055e86fefd0 points into unknown readable memory: 0x0000000000000000 | 00 00 00 00 00 00 00 00
RBP=0x000002095f94a948 points into unknown readable memory: 0x0000f49760762359 | 59 23 76 60 97 f4 00 00
RSI=0x00000055e86ff0d8 points into unknown readable memory: 0x00000055e86ff0c0 | c0 f0 6f e8 55 00 00 00
RDI=0x000002095f94a920 points into unknown readable memory: 0xf16d7ee4b07623a6 | a6 23 76 b0 e4 7e 6d f1
R8 =0x0000000000010002 is an unknown value
R9 =0x000002095f94a920 points into unknown readable memory: 0xf16d7ee4b07623a6 | a6 23 76 b0 e4 7e 6d f1
R10=0x85f13e9656da4870 is an unknown value
R11=0x00000055e86fef60 points into unknown readable memory: 0x000002095f94a920 | 20 a9 94 5f 09 02 00 00
R12=0x00007ff8b6c53ed0 glass.dll
R13=0x00007ff848d44720 jvm.dll
R14=0x0000f49760762359 is an unknown value
R15=0x000002095f94a920 points into unknown readable memory: 0xf16d7ee4b07623a6 | a6 23 76 b0 e4 7e 6d f1

Top of Stack: (sp=0x00000055e86fefd0)
0x00000055e86fefd0:   0000000000000000 00000055e86ff0d8
0x00000055e86fefe0:   00007ff848d44720 00007ff8b6c53ed0
0x00000055e86feff0:   000002095f94a928 00007ff8eedc3a93
0x00000055e86ff000:   000002095f94a920 0000020900000000
0x00000055e86ff010:   000002095f94a948 00000055e86ff0d8
0x00000055e86ff020:   fffffffffffffffe 0000000000000000
0x00000055e86ff030:   0000000000000001 00007ff8b6c30000
0x00000055e86ff040:   00000055e86ff0c8 00007ff8eed9042e
0x00000055e86ff050:   0000000000000000 00000055e86ff0d8
0x00000055e86ff060:   00000055e86ff3c0 0000000000000001
0x00000055e86ff070:   0000000000000001 00007ff8eed8dddd
0x00000055e86ff080:   0000000000000000 00007ff8b6c536c9
0x00000055e86ff090:   00007ff8ec146ef0 00000055e86ff0c8
0x00000055e86ff0a0:   fffffffffffffffe 00000055e86ff090
0x00000055e86ff0b0:   0000000000000000 00007ff8b6c53d5d
0x00000055e86ff0c0:   00007ff8b6c6a008 00007ff800000002
0x00000055e86ff0d0:   0000000000000002 00000055e86ff0c0
0x00000055e86ff0e0:   0000000000000000 00007ff8f1a78ae3
0x00000055e86ff0f0:   0000000000000000 00007ff8b6c53e82
0x00000055e86ff100:   0000000000000001 0000000000000001
0x00000055e86ff110:   0000000000000000 0000000000000001
0x00000055e86ff120:   0000020977b93378 00007ff8ee562223
0x00000055e86ff130:   0000020900000001 0000000000000016
0x00000055e86ff140:   00007ff8b6c30000 000000007ffe0384
0x00000055e86ff150:   0000000000000000 00007ff8f1a78b7f
0x00000055e86ff160:   00007ff8b6c30000 0000000000000000
0x00000055e86ff170:   0000000000000001 000000007ffe0385
0x00000055e86ff180:   0000000000000000 00007ff8f1aa17c9
0x00000055e86ff190:   0000530e5980b600 0000000000000014
0x00000055e86ff1a0:   00007ff8b6c53ed0 0000000000000000
0x00000055e86ff1b0:   0000000000000000 00000055e7a82000
0x00000055e86ff1c0:   000002095f948d80 00007ff8f1aa1586 

Instructions: (pc=0x00007ff8b6c56587)
0x00007ff8b6c56487:   8b 4d 58 e8 8d cf ff ff 48 8b 4d 60 e8 84 cf ff
0x00007ff8b6c56497:   ff 48 8b 95 80 00 00 00 48 8b 8d 18 01 00 00 e8
0x00007ff8b6c564a7:   76 c4 ff ff 33 d2 33 c9 e8 cc e1 ff ff 90 48 89
0x00007ff8b6c564b7:   54 24 10 55 48 83 ec 20 48 8b ea 48 b8 00 00 00
0x00007ff8b6c564c7:   00 00 00 00 00 48 83 c4 20 5d c3 cc 40 55 48 8b
0x00007ff8b6c564d7:   ea 48 8b 01 33 c9 81 38 05 00 00 c0 0f 94 c1 8b
0x00007ff8b6c564e7:   c1 5d c3 cc 40 55 48 83 ec 20 48 8b ea 8a 4d 40
0x00007ff8b6c564f7:   48 83 c4 20 5d e9 73 d3 ff ff cc 40 55 48 83 ec
0x00007ff8b6c56507:   20 48 8b ea 8a 4d 20 e8 61 d3 ff ff 90 48 83 c4
0x00007ff8b6c56517:   20 5d c3 cc 40 55 48 83 ec 20 48 8b ea 48 83 c4
0x00007ff8b6c56527:   20 5d e9 c2 d1 ff ff cc 40 55 48 83 ec 30 48 8b
0x00007ff8b6c56537:   ea 48 8b 01 8b 10 48 89 4c 24 28 89 54 24 20 4c
0x00007ff8b6c56547:   8d 0d 63 d6 ff ff 4c 8b 45 70 8b 55 68 48 8b 4d
0x00007ff8b6c56557:   60 e8 03 d1 ff ff 90 48 83 c4 30 5d c3 cc cc cc
0x00007ff8b6c56567:   cc cc cc cc cc cc cc cc cc 40 53 48 83 ec 20 48
0x00007ff8b6c56577:   8b 1d 8b 34 01 00 48 85 db 74 16 e8 89 8f ff ff
0x00007ff8b6c56587:   4c 8b 00 48 8b d3 48 8b c8 41 ff 90 b0 00 00 00
0x00007ff8b6c56597:   90 48 83 c4 20 5b c3 cc cc 40 53 48 83 ec 20 48
0x00007ff8b6c565a7:   8b 1d fb 35 01 00 48 85 db 74 57 b8 ff ff ff ff
0x00007ff8b6c565b7:   f0 0f c1 43 10 83 f8 01 75 3d 48 85 db 74 38 48
0x00007ff8b6c565c7:   8b 0b 48 85 c9 74 0d ff 15 d4 0c 00 00 48 c7 03
0x00007ff8b6c565d7:   00 00 00 00 48 8b 4b 08 48 85 c9 74 0d e8 33 ce
0x00007ff8b6c565e7:   ff ff 48 c7 43 08 00 00 00 00 ba 18 00 00 00 48
0x00007ff8b6c565f7:   8b cb e8 1e ce ff ff 48 c7 05 9f 35 01 00 00 00
0x00007ff8b6c56607:   00 00 48 83 c4 20 5b c3 cc 40 53 48 83 ec 20 48
0x00007ff8b6c56617:   8b 1d 6b 35 01 00 48 85 db 74 57 b8 ff ff ff ff
0x00007ff8b6c56627:   f0 0f c1 43 10 83 f8 01 75 3d 48 85 db 74 38 48
0x00007ff8b6c56637:   8b 0b 48 85 c9 74 0d ff 15 64 0c 00 00 48 c7 03
0x00007ff8b6c56647:   00 00 00 00 48 8b 4b 08 48 85 c9 74 0d e8 c3 cd
0x00007ff8b6c56657:   ff ff 48 c7 43 08 00 00 00 00 ba 18 00 00 00 48
0x00007ff8b6c56667:   8b cb e8 ae cd ff ff 48 c7 05 0f 35 01 00 00 00
0x00007ff8b6c56677:   00 00 48 83 c4 20 5b c3 cc 40 53 48 83 ec 20 48 


Stack slot to memory mapping:

stack at sp + 0 slots: 0x0 is null
stack at sp + 1 slots: 0x00000055e86ff0d8 points into unknown readable memory: 0x00000055e86ff0c0 | c0 f0 6f e8 55 00 00 00
stack at sp + 2 slots: 0x00007ff848d44720 jvm.dll
stack at sp + 3 slots: 0x00007ff8b6c53ed0 glass.dll
stack at sp + 4 slots: 0x000002095f94a928 points into unknown readable memory: 0x0000f49760762359 | 59 23 76 60 97 f4 00 00
stack at sp + 5 slots: 0x00007ff8eedc3a93 ucrtbase.dll
stack at sp + 6 slots: 0x000002095f94a920 points into unknown readable memory: 0xf16d7ee4b07623a6 | a6 23 76 b0 e4 7e 6d f1
stack at sp + 7 slots: 0x0000020900000000 points into unknown readable memory: 0x00010000cafedada | da da fe ca 00 00 01 00

VM_Operation (0x00000055e8ffeec0): Exit, mode: safepoint, requested by thread 0x0000020970cd4c00


---------------  P R O C E S S  ---------------

Threads class SMR info:
_java_thread_list=0x00000209715dbe30, length=20, elements={
0x0000020977bb5a10, 0x00000209199d6450, 0x00000209199d80c0, 0x00000209199d9310,
0x00000209199dc130, 0x00000209199dcb90, 0x00000209199dd5f0, 0x00000209199ecc90,
0x00000209199ef740, 0x0000020919c84c30, 0x000002095f24a6f0, 0x000002095f6f8010,
0x000002095fb463e0, 0x000002095f6d4720, 0x000002095f6edcd0, 0x0000020970c76390,
0x0000020970c77620, 0x0000020970cd24a0, 0x0000020970cd4570, 0x0000020970cd4c00
}

Java Threads: ( => current thread )
  0x0000020977bb5a10 JavaThread "main"                              [_thread_blocked, id=23904, stack(0x00000055e7f00000,0x00000055e8000000) (1024K)]
  0x00000209199d6450 JavaThread "Reference Handler"          daemon [_thread_blocked, id=16544, stack(0x00000055e8700000,0x00000055e8800000) (1024K)]
  0x00000209199d80c0 JavaThread "Finalizer"                  daemon [_thread_blocked, id=17724, stack(0x00000055e8800000,0x00000055e8900000) (1024K)]
  0x00000209199d9310 JavaThread "Signal Dispatcher"          daemon [_thread_blocked, id=25196, stack(0x00000055e8900000,0x00000055e8a00000) (1024K)]
  0x00000209199dc130 JavaThread "Attach Listener"            daemon [_thread_blocked, id=25284, stack(0x00000055e8a00000,0x00000055e8b00000) (1024K)]
  0x00000209199dcb90 JavaThread "Service Thread"             daemon [_thread_blocked, id=17104, stack(0x00000055e8b00000,0x00000055e8c00000) (1024K)]
  0x00000209199dd5f0 JavaThread "Monitor Deflation Thread"   daemon [_thread_blocked, id=23460, stack(0x00000055e8c00000,0x00000055e8d00000) (1024K)]
  0x00000209199ecc90 JavaThread "C2 CompilerThread0"         daemon [_thread_blocked, id=4892, stack(0x00000055e8d00000,0x00000055e8e00000) (1024K)]
  0x00000209199ef740 JavaThread "C1 CompilerThread0"         daemon [_thread_blocked, id=18632, stack(0x00000055e8e00000,0x00000055e8f00000) (1024K)]
  0x0000020919c84c30 JavaThread "Common-Cleaner"             daemon [_thread_blocked, id=9284, stack(0x00000055e9000000,0x00000055e9100000) (1024K)]
  0x000002095f24a6f0 JavaThread "Monitor Ctrl-Break"         daemon [_thread_in_native, id=12784, stack(0x00000055e9700000,0x00000055e9800000) (1024K)]
  0x000002095f6f8010 JavaThread "Notification Thread"        daemon [_thread_blocked, id=18516, stack(0x00000055e9800000,0x00000055e9900000) (1024K)]
  0x000002095fb463e0 JavaThread "QuantumRenderer-0"          daemon [_thread_blocked, id=9592, stack(0x00000055e9600000,0x00000055e9700000) (1024K)]
  0x000002095f6d4720 JavaThread "InvokeLaterDispatcher"      daemon [_thread_blocked, id=7924, stack(0x00000055e9900000,0x00000055e9a00000) (1024K)]
  0x000002095f6edcd0 JavaThread "JavaFX Application Thread"         [_thread_blocked, id=11576, stack(0x00000055e9a00000,0x00000055e9b00000) (1024K)]
  0x0000020970c76390 JavaThread "Thread-1"                   daemon [_thread_in_native, id=23320, stack(0x00000055e9500000,0x00000055e9600000) (1024K)]
  0x0000020970c77620 JavaThread "JavaFX-Launcher"                   [_thread_blocked, id=14736, stack(0x00000055e9400000,0x00000055e9500000) (1024K)]
  0x0000020970cd24a0 JavaThread "Prism Font Disposer"        daemon [_thread_blocked, id=21556, stack(0x00000055eb500000,0x00000055eb600000) (1024K)]
  0x0000020970cd4570 JavaThread "Cleaner-0"                  daemon [_thread_blocked, id=3436, stack(0x00000055ebe00000,0x00000055ebf00000) (1024K)]
  0x0000020970cd4c00 JavaThread "SIGINT handler"             daemon [_thread_blocked, id=18572, stack(0x00000055e8f00000,0x00000055e9000000) (1024K)]
Total: 20

Other Threads:
=>0x00000209199b8640 VMThread "VM Thread"                           [id=17288, stack(0x00000055e8600000,0x00000055e8700000) (1024K)]
  0x0000020979db3e60 WorkerThread "GC Thread#0"                     [id=23632, stack(0x00000055e8000000,0x00000055e8100000) (1024K)]
  0x0000020970c33190 WorkerThread "GC Thread#1"                     [id=25944, stack(0x00000055eab00000,0x00000055eac00000) (1024K)]
  0x0000020970c33580 WorkerThread "GC Thread#2"                     [id=15316, stack(0x00000055eac00000,0x00000055ead00000) (1024K)]
  0x0000020970c34060 WorkerThread "GC Thread#3"                     [id=4816, stack(0x00000055ead00000,0x00000055eae00000) (1024K)]
  0x0000020970c33920 WorkerThread "GC Thread#4"                     [id=18424, stack(0x00000055eae00000,0x00000055eaf00000) (1024K)]
  0x0000020970c347a0 WorkerThread "GC Thread#5"                     [id=13824, stack(0x00000055eaf00000,0x00000055eb000000) (1024K)]
  0x0000020970c34ee0 WorkerThread "GC Thread#6"                     [id=13424, stack(0x00000055eb600000,0x00000055eb700000) (1024K)]
  0x00000209716080d0 WorkerThread "GC Thread#7"                     [id=12324, stack(0x00000055eb700000,0x00000055eb800000) (1024K)]
  0x0000020971608810 WorkerThread "GC Thread#8"                     [id=10944, stack(0x00000055eb800000,0x00000055eb900000) (1024K)]
  0x0000020971609690 WorkerThread "GC Thread#9"                     [id=25352, stack(0x00000055eb900000,0x00000055eba00000) (1024K)]
  0x000002097160a170 WorkerThread "GC Thread#10"                    [id=19148, stack(0x00000055eba00000,0x00000055ebb00000) (1024K)]
  0x0000020971608f50 WorkerThread "GC Thread#11"                    [id=9748, stack(0x00000055ebb00000,0x00000055ebc00000) (1024K)]
  0x0000020979dc5b80 ConcurrentGCThread "G1 Main Marker"            terminated
  0x0000020979dc6680 WorkerThread "G1 Conc#0"                       [id=23692, stack(0x00000055e8200000,0x00000055e8300000) (1024K)]
  0x0000020919863810 ConcurrentGCThread "G1 Refine#0"               terminated
  0x0000020919864190 ConcurrentGCThread "G1 Service"                terminated
Total: 17

Threads with active compile tasks:
C2 CompilerThread0    11988 4132       4       java.lang.String::indexOf (7 bytes)
Total: 1

VM state: at safepoint (shutting down)

VM Mutex/Monitor currently owned by a thread:  ([mutex/lock_event])
[0x00007ff848d1cd68] Threads_lock - owner thread: 0x00000209199b8640
[0x00007ff848d1ce68] Heap_lock - owner thread: 0x0000020970cd4c00

Heap address: 0x0000000701000000, size: 4080 MB, Compressed Oops mode: Zero based, Oop shift amount: 3

CDS archive(s) mapped at: [0x000002091a000000-0x000002091ac90000-0x000002091ac90000), size 13172736, SharedBaseAddress: 0x000002091a000000, ArchiveRelocationMode: 1.
Compressed class space mapped at: 0x000002091b000000-0x000002095b000000, reserved size: 1073741824
Narrow klass base: 0x000002091a000000, Narrow klass shift: 0, Narrow klass range: 0x100000000

GC Precious Log:
 CardTable entry size: 512
 Card Set container configuration: InlinePtr #cards 4 size 8 Array Of Cards #cards 16 size 48 Howl #buckets 8 coarsen threshold 3686 Howl Bitmap #cards 512 size 80 coarsen threshold 460 Card regions per heap region 1 cards per card region 4096
 CPUs: 16 total, 16 available
 Memory: 16312M
 Large Page Support: Disabled
 NUMA Support: Disabled
 Compressed Oops: Enabled (Zero based)
 Heap Region Size: 2M
 Heap Min Capacity: 8M
 Heap Initial Capacity: 256M
 Heap Max Capacity: 4080M
 Pre-touch: Disabled
 Parallel Workers: 13
 Concurrent Workers: 3
 Concurrent Refinement Workers: 13
 Periodic GC: Disabled

Heap:
 garbage-first heap   total 262144K, used 43627K [0x0000000701000000, 0x0000000800000000)
  region size 2048K, 20 young (40960K), 4 survivors (8192K)
 Metaspace       used 19862K, committed 20224K, reserved 1114112K
  class space    used 2967K, committed 3136K, reserved 1048576K

Heap Regions: E=young(eden), S=young(survivor), O=old, HS=humongous(starts), HC=humongous(continues), CS=collection set, F=free, TAMS=top-at-mark-start, PB=parsable bottom
|   0|0x0000000701000000, 0x0000000701200000, 0x0000000701200000|100%|HS|  |TAMS 0x0000000701000000| PB 0x0000000701000000| Complete 
|   1|0x0000000701200000, 0x0000000701400000, 0x0000000701400000|100%|HS|  |TAMS 0x0000000701200000| PB 0x0000000701200000| Complete 
|   2|0x0000000701400000, 0x0000000701600000, 0x0000000701600000|100%|HC|  |TAMS 0x0000000701400000| PB 0x0000000701400000| Complete 
|   3|0x0000000701600000, 0x0000000701800000, 0x0000000701800000|100%|HS|  |TAMS 0x0000000701600000| PB 0x0000000701600000| Complete 
|   4|0x0000000701800000, 0x0000000701800000, 0x0000000701a00000|  0%| F|  |TAMS 0x0000000701800000| PB 0x0000000701800000| Untracked 
|   5|0x0000000701a00000, 0x0000000701a00000, 0x0000000701c00000|  0%| F|  |TAMS 0x0000000701a00000| PB 0x0000000701a00000| Untracked 
|   6|0x0000000701c00000, 0x0000000701c00000, 0x0000000701e00000|  0%| F|  |TAMS 0x0000000701c00000| PB 0x0000000701c00000| Untracked 
|   7|0x0000000701e00000, 0x0000000701e00000, 0x0000000702000000|  0%| F|  |TAMS 0x0000000701e00000| PB 0x0000000701e00000| Untracked 
|   8|0x0000000702000000, 0x0000000702000000, 0x0000000702200000|  0%| F|  |TAMS 0x0000000702000000| PB 0x0000000702000000| Untracked 
|   9|0x0000000702200000, 0x0000000702200000, 0x0000000702400000|  0%| F|  |TAMS 0x0000000702200000| PB 0x0000000702200000| Untracked 
|  10|0x0000000702400000, 0x0000000702400000, 0x0000000702600000|  0%| F|  |TAMS 0x0000000702400000| PB 0x0000000702400000| Untracked 
|  11|0x0000000702600000, 0x0000000702600000, 0x0000000702800000|  0%| F|  |TAMS 0x0000000702600000| PB 0x0000000702600000| Untracked 
|  12|0x0000000702800000, 0x0000000702800000, 0x0000000702a00000|  0%| F|  |TAMS 0x0000000702800000| PB 0x0000000702800000| Untracked 
|  13|0x0000000702a00000, 0x0000000702a00000, 0x0000000702c00000|  0%| F|  |TAMS 0x0000000702a00000| PB 0x0000000702a00000| Untracked 
|  14|0x0000000702c00000, 0x0000000702c00000, 0x0000000702e00000|  0%| F|  |TAMS 0x0000000702c00000| PB 0x0000000702c00000| Untracked 
|  15|0x0000000702e00000, 0x0000000702e00000, 0x0000000703000000|  0%| F|  |TAMS 0x0000000702e00000| PB 0x0000000702e00000| Untracked 
|  16|0x0000000703000000, 0x0000000703000000, 0x0000000703200000|  0%| F|  |TAMS 0x0000000703000000| PB 0x0000000703000000| Untracked 
|  17|0x0000000703200000, 0x0000000703200000, 0x0000000703400000|  0%| F|  |TAMS 0x0000000703200000| PB 0x0000000703200000| Untracked 
|  18|0x0000000703400000, 0x0000000703400000, 0x0000000703600000|  0%| F|  |TAMS 0x0000000703400000| PB 0x0000000703400000| Untracked 
|  19|0x0000000703600000, 0x0000000703600000, 0x0000000703800000|  0%| F|  |TAMS 0x0000000703600000| PB 0x0000000703600000| Untracked 
|  20|0x0000000703800000, 0x0000000703800000, 0x0000000703a00000|  0%| F|  |TAMS 0x0000000703800000| PB 0x0000000703800000| Untracked 
|  21|0x0000000703a00000, 0x0000000703a00000, 0x0000000703c00000|  0%| F|  |TAMS 0x0000000703a00000| PB 0x0000000703a00000| Untracked 
|  22|0x0000000703c00000, 0x0000000703c00000, 0x0000000703e00000|  0%| F|  |TAMS 0x0000000703c00000| PB 0x0000000703c00000| Untracked 
|  23|0x0000000703e00000, 0x0000000703e00000, 0x0000000704000000|  0%| F|  |TAMS 0x0000000703e00000| PB 0x0000000703e00000| Untracked 
|  24|0x0000000704000000, 0x0000000704000000, 0x0000000704200000|  0%| F|  |TAMS 0x0000000704000000| PB 0x0000000704000000| Untracked 
|  25|0x0000000704200000, 0x0000000704200000, 0x0000000704400000|  0%| F|  |TAMS 0x0000000704200000| PB 0x0000000704200000| Untracked 
|  26|0x0000000704400000, 0x0000000704400000, 0x0000000704600000|  0%| F|  |TAMS 0x0000000704400000| PB 0x0000000704400000| Untracked 
|  27|0x0000000704600000, 0x0000000704600000, 0x0000000704800000|  0%| F|  |TAMS 0x0000000704600000| PB 0x0000000704600000| Untracked 
|  28|0x0000000704800000, 0x0000000704800000, 0x0000000704a00000|  0%| F|  |TAMS 0x0000000704800000| PB 0x0000000704800000| Untracked 
|  29|0x0000000704a00000, 0x0000000704a00000, 0x0000000704c00000|  0%| F|  |TAMS 0x0000000704a00000| PB 0x0000000704a00000| Untracked 
|  30|0x0000000704c00000, 0x0000000704c00000, 0x0000000704e00000|  0%| F|  |TAMS 0x0000000704c00000| PB 0x0000000704c00000| Untracked 
|  31|0x0000000704e00000, 0x0000000704e00000, 0x0000000705000000|  0%| F|  |TAMS 0x0000000704e00000| PB 0x0000000704e00000| Untracked 
|  32|0x0000000705000000, 0x0000000705000000, 0x0000000705200000|  0%| F|  |TAMS 0x0000000705000000| PB 0x0000000705000000| Untracked 
|  33|0x0000000705200000, 0x0000000705200000, 0x0000000705400000|  0%| F|  |TAMS 0x0000000705200000| PB 0x0000000705200000| Untracked 
|  34|0x0000000705400000, 0x0000000705400000, 0x0000000705600000|  0%| F|  |TAMS 0x0000000705400000| PB 0x0000000705400000| Untracked 
|  35|0x0000000705600000, 0x0000000705600000, 0x0000000705800000|  0%| F|  |TAMS 0x0000000705600000| PB 0x0000000705600000| Untracked 
|  36|0x0000000705800000, 0x0000000705800000, 0x0000000705a00000|  0%| F|  |TAMS 0x0000000705800000| PB 0x0000000705800000| Untracked 
|  37|0x0000000705a00000, 0x0000000705a00000, 0x0000000705c00000|  0%| F|  |TAMS 0x0000000705a00000| PB 0x0000000705a00000| Untracked 
|  38|0x0000000705c00000, 0x0000000705c00000, 0x0000000705e00000|  0%| F|  |TAMS 0x0000000705c00000| PB 0x0000000705c00000| Untracked 
|  39|0x0000000705e00000, 0x0000000705e00000, 0x0000000706000000|  0%| F|  |TAMS 0x0000000705e00000| PB 0x0000000705e00000| Untracked 
|  40|0x0000000706000000, 0x0000000706000000, 0x0000000706200000|  0%| F|  |TAMS 0x0000000706000000| PB 0x0000000706000000| Untracked 
|  41|0x0000000706200000, 0x0000000706200000, 0x0000000706400000|  0%| F|  |TAMS 0x0000000706200000| PB 0x0000000706200000| Untracked 
|  42|0x0000000706400000, 0x0000000706400000, 0x0000000706600000|  0%| F|  |TAMS 0x0000000706400000| PB 0x0000000706400000| Untracked 
|  43|0x0000000706600000, 0x0000000706600000, 0x0000000706800000|  0%| F|  |TAMS 0x0000000706600000| PB 0x0000000706600000| Untracked 
|  44|0x0000000706800000, 0x0000000706800000, 0x0000000706a00000|  0%| F|  |TAMS 0x0000000706800000| PB 0x0000000706800000| Untracked 
|  45|0x0000000706a00000, 0x0000000706a00000, 0x0000000706c00000|  0%| F|  |TAMS 0x0000000706a00000| PB 0x0000000706a00000| Untracked 
|  46|0x0000000706c00000, 0x0000000706c00000, 0x0000000706e00000|  0%| F|  |TAMS 0x0000000706c00000| PB 0x0000000706c00000| Untracked 
|  47|0x0000000706e00000, 0x0000000706e00000, 0x0000000707000000|  0%| F|  |TAMS 0x0000000706e00000| PB 0x0000000706e00000| Untracked 
|  48|0x0000000707000000, 0x0000000707000000, 0x0000000707200000|  0%| F|  |TAMS 0x0000000707000000| PB 0x0000000707000000| Untracked 
|  49|0x0000000707200000, 0x0000000707200000, 0x0000000707400000|  0%| F|  |TAMS 0x0000000707200000| PB 0x0000000707200000| Untracked 
|  50|0x0000000707400000, 0x0000000707400000, 0x0000000707600000|  0%| F|  |TAMS 0x0000000707400000| PB 0x0000000707400000| Untracked 
|  51|0x0000000707600000, 0x0000000707600000, 0x0000000707800000|  0%| F|  |TAMS 0x0000000707600000| PB 0x0000000707600000| Untracked 
|  52|0x0000000707800000, 0x0000000707800000, 0x0000000707a00000|  0%| F|  |TAMS 0x0000000707800000| PB 0x0000000707800000| Untracked 
|  53|0x0000000707a00000, 0x0000000707a00000, 0x0000000707c00000|  0%| F|  |TAMS 0x0000000707a00000| PB 0x0000000707a00000| Untracked 
|  54|0x0000000707c00000, 0x0000000707c00000, 0x0000000707e00000|  0%| F|  |TAMS 0x0000000707c00000| PB 0x0000000707c00000| Untracked 
|  55|0x0000000707e00000, 0x0000000707e00000, 0x0000000708000000|  0%| F|  |TAMS 0x0000000707e00000| PB 0x0000000707e00000| Untracked 
|  56|0x0000000708000000, 0x0000000708000000, 0x0000000708200000|  0%| F|  |TAMS 0x0000000708000000| PB 0x0000000708000000| Untracked 
|  57|0x0000000708200000, 0x0000000708200000, 0x0000000708400000|  0%| F|  |TAMS 0x0000000708200000| PB 0x0000000708200000| Untracked 
|  58|0x0000000708400000, 0x0000000708400000, 0x0000000708600000|  0%| F|  |TAMS 0x0000000708400000| PB 0x0000000708400000| Untracked 
|  59|0x0000000708600000, 0x0000000708600000, 0x0000000708800000|  0%| F|  |TAMS 0x0000000708600000| PB 0x0000000708600000| Untracked 
|  60|0x0000000708800000, 0x0000000708800000, 0x0000000708a00000|  0%| F|  |TAMS 0x0000000708800000| PB 0x0000000708800000| Untracked 
|  61|0x0000000708a00000, 0x0000000708a00000, 0x0000000708c00000|  0%| F|  |TAMS 0x0000000708a00000| PB 0x0000000708a00000| Untracked 
|  62|0x0000000708c00000, 0x0000000708c00000, 0x0000000708e00000|  0%| F|  |TAMS 0x0000000708c00000| PB 0x0000000708c00000| Untracked 
|  63|0x0000000708e00000, 0x0000000708e00000, 0x0000000709000000|  0%| F|  |TAMS 0x0000000708e00000| PB 0x0000000708e00000| Untracked 
|  64|0x0000000709000000, 0x0000000709000000, 0x0000000709200000|  0%| F|  |TAMS 0x0000000709000000| PB 0x0000000709000000| Untracked 
|  65|0x0000000709200000, 0x0000000709200000, 0x0000000709400000|  0%| F|  |TAMS 0x0000000709200000| PB 0x0000000709200000| Untracked 
|  66|0x0000000709400000, 0x0000000709400000, 0x0000000709600000|  0%| F|  |TAMS 0x0000000709400000| PB 0x0000000709400000| Untracked 
|  67|0x0000000709600000, 0x0000000709600000, 0x0000000709800000|  0%| F|  |TAMS 0x0000000709600000| PB 0x0000000709600000| Untracked 
|  68|0x0000000709800000, 0x0000000709800000, 0x0000000709a00000|  0%| F|  |TAMS 0x0000000709800000| PB 0x0000000709800000| Untracked 
|  69|0x0000000709a00000, 0x0000000709a00000, 0x0000000709c00000|  0%| F|  |TAMS 0x0000000709a00000| PB 0x0000000709a00000| Untracked 
|  70|0x0000000709c00000, 0x0000000709c00000, 0x0000000709e00000|  0%| F|  |TAMS 0x0000000709c00000| PB 0x0000000709c00000| Untracked 
|  71|0x0000000709e00000, 0x0000000709e00000, 0x000000070a000000|  0%| F|  |TAMS 0x0000000709e00000| PB 0x0000000709e00000| Untracked 
|  72|0x000000070a000000, 0x000000070a000000, 0x000000070a200000|  0%| F|  |TAMS 0x000000070a000000| PB 0x000000070a000000| Untracked 
|  73|0x000000070a200000, 0x000000070a200000, 0x000000070a400000|  0%| F|  |TAMS 0x000000070a200000| PB 0x000000070a200000| Untracked 
|  74|0x000000070a400000, 0x000000070a400000, 0x000000070a600000|  0%| F|  |TAMS 0x000000070a400000| PB 0x000000070a400000| Untracked 
|  75|0x000000070a600000, 0x000000070a600000, 0x000000070a800000|  0%| F|  |TAMS 0x000000070a600000| PB 0x000000070a600000| Untracked 
|  76|0x000000070a800000, 0x000000070a800000, 0x000000070aa00000|  0%| F|  |TAMS 0x000000070a800000| PB 0x000000070a800000| Untracked 
|  77|0x000000070aa00000, 0x000000070aa00000, 0x000000070ac00000|  0%| F|  |TAMS 0x000000070aa00000| PB 0x000000070aa00000| Untracked 
|  78|0x000000070ac00000, 0x000000070ac00000, 0x000000070ae00000|  0%| F|  |TAMS 0x000000070ac00000| PB 0x000000070ac00000| Untracked 
|  79|0x000000070ae00000, 0x000000070ae00000, 0x000000070b000000|  0%| F|  |TAMS 0x000000070ae00000| PB 0x000000070ae00000| Untracked 
|  80|0x000000070b000000, 0x000000070b000000, 0x000000070b200000|  0%| F|  |TAMS 0x000000070b000000| PB 0x000000070b000000| Untracked 
|  81|0x000000070b200000, 0x000000070b200000, 0x000000070b400000|  0%| F|  |TAMS 0x000000070b200000| PB 0x000000070b200000| Untracked 
|  82|0x000000070b400000, 0x000000070b400000, 0x000000070b600000|  0%| F|  |TAMS 0x000000070b400000| PB 0x000000070b400000| Untracked 
|  83|0x000000070b600000, 0x000000070b600000, 0x000000070b800000|  0%| F|  |TAMS 0x000000070b600000| PB 0x000000070b600000| Untracked 
|  84|0x000000070b800000, 0x000000070b800000, 0x000000070ba00000|  0%| F|  |TAMS 0x000000070b800000| PB 0x000000070b800000| Untracked 
|  85|0x000000070ba00000, 0x000000070ba00000, 0x000000070bc00000|  0%| F|  |TAMS 0x000000070ba00000| PB 0x000000070ba00000| Untracked 
|  86|0x000000070bc00000, 0x000000070bc00000, 0x000000070be00000|  0%| F|  |TAMS 0x000000070bc00000| PB 0x000000070bc00000| Untracked 
|  87|0x000000070be00000, 0x000000070be00000, 0x000000070c000000|  0%| F|  |TAMS 0x000000070be00000| PB 0x000000070be00000| Untracked 
|  88|0x000000070c000000, 0x000000070c000000, 0x000000070c200000|  0%| F|  |TAMS 0x000000070c000000| PB 0x000000070c000000| Untracked 
|  89|0x000000070c200000, 0x000000070c200000, 0x000000070c400000|  0%| F|  |TAMS 0x000000070c200000| PB 0x000000070c200000| Untracked 
|  90|0x000000070c400000, 0x000000070c400000, 0x000000070c600000|  0%| F|  |TAMS 0x000000070c400000| PB 0x000000070c400000| Untracked 
|  91|0x000000070c600000, 0x000000070c600000, 0x000000070c800000|  0%| F|  |TAMS 0x000000070c600000| PB 0x000000070c600000| Untracked 
|  92|0x000000070c800000, 0x000000070c800000, 0x000000070ca00000|  0%| F|  |TAMS 0x000000070c800000| PB 0x000000070c800000| Untracked 
|  93|0x000000070ca00000, 0x000000070ca00000, 0x000000070cc00000|  0%| F|  |TAMS 0x000000070ca00000| PB 0x000000070ca00000| Untracked 
|  94|0x000000070cc00000, 0x000000070cc00000, 0x000000070ce00000|  0%| F|  |TAMS 0x000000070cc00000| PB 0x000000070cc00000| Untracked 
|  95|0x000000070ce00000, 0x000000070ce00000, 0x000000070d000000|  0%| F|  |TAMS 0x000000070ce00000| PB 0x000000070ce00000| Untracked 
|  96|0x000000070d000000, 0x000000070d000000, 0x000000070d200000|  0%| F|  |TAMS 0x000000070d000000| PB 0x000000070d000000| Untracked 
|  97|0x000000070d200000, 0x000000070d200000, 0x000000070d400000|  0%| F|  |TAMS 0x000000070d200000| PB 0x000000070d200000| Untracked 
|  98|0x000000070d400000, 0x000000070d400000, 0x000000070d600000|  0%| F|  |TAMS 0x000000070d400000| PB 0x000000070d400000| Untracked 
|  99|0x000000070d600000, 0x000000070d69afe0, 0x000000070d800000| 30%| S|CS|TAMS 0x000000070d600000| PB 0x000000070d600000| Complete 
| 100|0x000000070d800000, 0x000000070da00000, 0x000000070da00000|100%| S|CS|TAMS 0x000000070d800000| PB 0x000000070d800000| Complete 
| 101|0x000000070da00000, 0x000000070dc00000, 0x000000070dc00000|100%| S|CS|TAMS 0x000000070da00000| PB 0x000000070da00000| Complete 
| 102|0x000000070dc00000, 0x000000070de00000, 0x000000070de00000|100%| S|CS|TAMS 0x000000070dc00000| PB 0x000000070dc00000| Complete 
| 103|0x000000070de00000, 0x000000070de00000, 0x000000070e000000|  0%| F|  |TAMS 0x000000070de00000| PB 0x000000070de00000| Untracked 
| 104|0x000000070e000000, 0x000000070e000000, 0x000000070e200000|  0%| F|  |TAMS 0x000000070e000000| PB 0x000000070e000000| Untracked 
| 105|0x000000070e200000, 0x000000070e200000, 0x000000070e400000|  0%| F|  |TAMS 0x000000070e200000| PB 0x000000070e200000| Untracked 
| 106|0x000000070e400000, 0x000000070e400000, 0x000000070e600000|  0%| F|  |TAMS 0x000000070e400000| PB 0x000000070e400000| Untracked 
| 107|0x000000070e600000, 0x000000070e600000, 0x000000070e800000|  0%| F|  |TAMS 0x000000070e600000| PB 0x000000070e600000| Untracked 
| 108|0x000000070e800000, 0x000000070e800000, 0x000000070ea00000|  0%| F|  |TAMS 0x000000070e800000| PB 0x000000070e800000| Untracked 
| 109|0x000000070ea00000, 0x000000070ea00000, 0x000000070ec00000|  0%| F|  |TAMS 0x000000070ea00000| PB 0x000000070ea00000| Untracked 
| 110|0x000000070ec00000, 0x000000070ec00000, 0x000000070ee00000|  0%| F|  |TAMS 0x000000070ec00000| PB 0x000000070ec00000| Untracked 
| 111|0x000000070ee00000, 0x000000070ee00000, 0x000000070f000000|  0%| F|  |TAMS 0x000000070ee00000| PB 0x000000070ee00000| Untracked 
| 112|0x000000070f000000, 0x000000070f000800, 0x000000070f200000|  0%| E|  |TAMS 0x000000070f000000| PB 0x000000070f000000| Complete 
| 113|0x000000070f200000, 0x000000070f400000, 0x000000070f400000|100%| E|CS|TAMS 0x000000070f200000| PB 0x000000070f200000| Complete 
| 114|0x000000070f400000, 0x000000070f600000, 0x000000070f600000|100%| E|CS|TAMS 0x000000070f400000| PB 0x000000070f400000| Complete 
| 115|0x000000070f600000, 0x000000070f800000, 0x000000070f800000|100%| E|CS|TAMS 0x000000070f600000| PB 0x000000070f600000| Complete 
| 116|0x000000070f800000, 0x000000070fa00000, 0x000000070fa00000|100%| E|CS|TAMS 0x000000070f800000| PB 0x000000070f800000| Complete 
| 117|0x000000070fa00000, 0x000000070fc00000, 0x000000070fc00000|100%| E|CS|TAMS 0x000000070fa00000| PB 0x000000070fa00000| Complete 
| 118|0x000000070fc00000, 0x000000070fe00000, 0x000000070fe00000|100%| E|CS|TAMS 0x000000070fc00000| PB 0x000000070fc00000| Complete 
| 119|0x000000070fe00000, 0x0000000710000000, 0x0000000710000000|100%| E|CS|TAMS 0x000000070fe00000| PB 0x000000070fe00000| Complete 
| 120|0x0000000710000000, 0x0000000710200000, 0x0000000710200000|100%| E|CS|TAMS 0x0000000710000000| PB 0x0000000710000000| Complete 
| 121|0x0000000710200000, 0x0000000710400000, 0x0000000710400000|100%| E|CS|TAMS 0x0000000710200000| PB 0x0000000710200000| Complete 
| 122|0x0000000710400000, 0x0000000710600000, 0x0000000710600000|100%| E|CS|TAMS 0x0000000710400000| PB 0x0000000710400000| Complete 
| 123|0x0000000710600000, 0x0000000710800000, 0x0000000710800000|100%| E|CS|TAMS 0x0000000710600000| PB 0x0000000710600000| Complete 
| 124|0x0000000710800000, 0x0000000710a00000, 0x0000000710a00000|100%| E|CS|TAMS 0x0000000710800000| PB 0x0000000710800000| Complete 
| 125|0x0000000710a00000, 0x0000000710c00000, 0x0000000710c00000|100%| E|CS|TAMS 0x0000000710a00000| PB 0x0000000710a00000| Complete 
| 126|0x0000000710c00000, 0x0000000710e00000, 0x0000000710e00000|100%| E|CS|TAMS 0x0000000710c00000| PB 0x0000000710c00000| Complete 
| 127|0x0000000710e00000, 0x0000000711000000, 0x0000000711000000|100%| E|  |TAMS 0x0000000710e00000| PB 0x0000000710e00000| Complete 

Card table byte_map: [0x000002097ae90000,0x000002097b690000] _byte_map_base: 0x0000020977688000

Marking Bits: (CMBitMap*) 0x0000020979db4560
 Bits: [0x000002097b690000, 0x000002097f650000)

Polling page: 0x0000020977cc0000

Metaspace:

Usage:
  Non-class:     16.50 MB used.
      Class:      2.90 MB used.
       Both:     19.40 MB used.

Virtual space:
  Non-class space:       64.00 MB reserved,      16.69 MB ( 26%) committed,  1 nodes.
      Class space:        1.00 GB reserved,       3.06 MB ( <1%) committed,  1 nodes.
             Both:        1.06 GB reserved,      19.75 MB (  2%) committed. 

Chunk freelists:
   Non-Class:  14.47 MB
       Class:  12.89 MB
        Both:  27.36 MB

MaxMetaspaceSize: unlimited
CompressedClassSpaceSize: 1.00 GB
Initial GC threshold: 21.00 MB
Current GC threshold: 21.00 MB
CDS: on
 - commit_granule_bytes: 65536.
 - commit_granule_words: 8192.
 - virtual_space_node_default_size: 8388608.
 - enlarge_chunks_in_place: 1.
 - use_allocation_guard: 0.


Internal statistics:

num_allocs_failed_limit: 0.
num_arena_births: 440.
num_arena_deaths: 0.
num_vsnodes_births: 2.
num_vsnodes_deaths: 0.
num_space_committed: 316.
num_space_uncommitted: 0.
num_chunks_returned_to_freelist: 0.
num_chunks_taken_from_freelist: 1126.
num_chunk_merges: 0.
num_chunk_splits: 759.
num_chunks_enlarged: 557.
num_inconsistent_stats: 0.

CodeHeap 'non-profiled nmethods': size=119168Kb used=1754Kb max_used=1754Kb free=117413Kb
 bounds [0x000002090ff40000, 0x00000209101b0000, 0x00000209173a0000]
CodeHeap 'profiled nmethods': size=119104Kb used=8234Kb max_used=8234Kb free=110869Kb
 bounds [0x00000209083a0000, 0x0000020908bb0000, 0x000002090f7f0000]
CodeHeap 'non-nmethods': size=7488Kb used=1862Kb max_used=3558Kb free=5625Kb
 bounds [0x000002090f7f0000, 0x000002090fb80000, 0x000002090ff40000]
 total_blobs=4980 nmethods=4128 adapters=754
 compilation: enabled
              stopped_count=0, restarted_count=0
 full_count=0

Compilation events (20 events):
Event: 4.534 Thread 0x00000209199ecc90 nmethod 4116 0x00000209100f5790 code [0x00000209100f59c0, 0x00000209100f60e8]
Event: 6.534 Thread 0x00000209199fe080 4123       3       java.io.BufferedWriter::ensureOpen (18 bytes)
Event: 6.534 Thread 0x00000209199fe080 nmethod 4123 0x0000020908ba6c10 code [0x0000020908ba6dc0, 0x0000020908ba6fd8]
Event: 8.144 Thread 0x00000209199fe080 4124       3       java.lang.String::valueOf (15 bytes)
Event: 8.144 Thread 0x00000209199fe080 nmethod 4124 0x0000020908ba7090 code [0x0000020908ba7240, 0x0000020908ba7448]
Event: 8.749 Thread 0x00000209199fe080 4125       3       java.io.Writer::write (11 bytes)
Event: 8.749 Thread 0x00000209199ef740 4127       3       java.io.BufferedWriter::implWrite (100 bytes)
Event: 8.750 Thread 0x00000209199fe080 nmethod 4125 0x0000020908ba7510 code [0x0000020908ba76e0, 0x0000020908ba79c0]
Event: 8.750 Thread 0x00000209199fe080 4126   !   3       java.io.BufferedWriter::write (82 bytes)
Event: 8.750 Thread 0x00000209199ef740 nmethod 4127 0x0000020908ba7b10 code [0x0000020908ba7d20, 0x0000020908ba8250]
Event: 8.750 Thread 0x00000209199ef740 4128       3       java.io.BufferedWriter::growIfNeeded (63 bytes)
Event: 8.750 Thread 0x00000209199ef740 nmethod 4128 0x0000020908ba8490 code [0x0000020908ba8640, 0x0000020908ba8948]
Event: 8.750 Thread 0x00000209199ef740 4129       3       java.io.BufferedWriter::min (9 bytes)
Event: 8.750 Thread 0x00000209199ef740 nmethod 4129 0x0000020908ba8a10 code [0x0000020908ba8bc0, 0x0000020908ba8d30]
Event: 8.750 Thread 0x00000209199fe080 nmethod 4126 0x0000020908ba8d90 code [0x0000020908ba9040, 0x0000020908ba9f00]
Event: 9.454 Thread 0x00000209199ef740 4130       3       java.nio.CharBuffer::arrayOffset (35 bytes)
Event: 9.454 Thread 0x00000209199ef740 nmethod 4130 0x0000020908baa410 code [0x0000020908baa5e0, 0x0000020908baa8c0]
Event: 9.655 Thread 0x00000209199ef740 4131       1       com.example.laba1_test.Drone::getPathTransition (5 bytes)
Event: 9.655 Thread 0x00000209199ef740 nmethod 4131 0x00000209100f6790 code [0x00000209100f6920, 0x00000209100f69f0]
Event: 11.507 Thread 0x00000209199ecc90 4132       4       java.lang.String::indexOf (7 bytes)

GC Heap History (4 events):
Event: 0.435 GC heap before
{Heap before GC invocations=0 (full 0):
 garbage-first heap   total 262144K, used 22528K [0x0000000701000000, 0x0000000800000000)
  region size 2048K, 11 young (22528K), 0 survivors (0K)
 Metaspace       used 4450K, committed 4672K, reserved 1114112K
  class space    used 467K, committed 576K, reserved 1048576K
}
Event: 0.437 GC heap after
{Heap after GC invocations=1 (full 0):
 garbage-first heap   total 262144K, used 2602K [0x0000000701000000, 0x0000000800000000)
  region size 2048K, 2 young (4096K), 2 survivors (4096K)
 Metaspace       used 4450K, committed 4672K, reserved 1114112K
  class space    used 467K, committed 576K, reserved 1048576K
}
Event: 0.975 GC heap before
{Heap before GC invocations=1 (full 0):
 garbage-first heap   total 262144K, used 53802K [0x0000000701000000, 0x0000000800000000)
  region size 2048K, 25 young (51200K), 2 survivors (4096K)
 Metaspace       used 14550K, committed 14784K, reserved 1114112K
  class space    used 2199K, committed 2304K, reserved 1048576K
}
Event: 0.978 GC heap after
{Heap after GC invocations=2 (full 0):
 garbage-first heap   total 262144K, used 12907K [0x0000000701000000, 0x0000000800000000)
  region size 2048K, 4 young (8192K), 4 survivors (8192K)
 Metaspace       used 14550K, committed 14784K, reserved 1114112K
  class space    used 2199K, committed 2304K, reserved 1048576K
}

Dll operation events (20 events):
Event: 0.274 Loaded shared library C:\Users\suxov\.openjfx\cache\21+31\amd64\api-ms-win-crt-math-l1-1-0.dll
Event: 0.277 Loaded shared library C:\Users\suxov\.openjfx\cache\21+31\amd64\api-ms-win-crt-multibyte-l1-1-0.dll
Event: 0.281 Loaded shared library C:\Users\suxov\.openjfx\cache\21+31\amd64\api-ms-win-crt-private-l1-1-0.dll
Event: 0.284 Loaded shared library C:\Users\suxov\.openjfx\cache\21+31\amd64\api-ms-win-crt-process-l1-1-0.dll
Event: 0.287 Loaded shared library C:\Users\suxov\.openjfx\cache\21+31\amd64\api-ms-win-crt-runtime-l1-1-0.dll
Event: 0.290 Loaded shared library C:\Users\suxov\.openjfx\cache\21+31\amd64\api-ms-win-crt-stdio-l1-1-0.dll
Event: 0.293 Loaded shared library C:\Users\suxov\.openjfx\cache\21+31\amd64\api-ms-win-crt-string-l1-1-0.dll
Event: 0.295 Loaded shared library C:\Users\suxov\.openjfx\cache\21+31\amd64\api-ms-win-crt-time-l1-1-0.dll
Event: 0.298 Loaded shared library C:\Users\suxov\.openjfx\cache\21+31\amd64\api-ms-win-crt-utility-l1-1-0.dll
Event: 0.307 Loaded shared library C:\Users\suxov\.openjfx\cache\21+31\amd64\ucrtbase.dll
Event: 0.309 Loaded shared library C:\Users\suxov\.openjfx\cache\21+31\amd64\vcruntime140.dll
Event: 0.311 Loaded shared library C:\Users\suxov\.openjfx\cache\21+31\amd64\vcruntime140_1.dll
Event: 0.317 Loaded shared library C:\Users\suxov\.openjfx\cache\21+31\amd64\msvcp140.dll
Event: 0.318 Loaded shared library C:\Users\suxov\.openjfx\cache\21+31\amd64\msvcp140_1.dll
Event: 0.321 Loaded shared library C:\Users\suxov\.openjfx\cache\21+31\amd64\msvcp140_2.dll
Event: 0.342 Loaded shared library C:\Users\suxov\.openjfx\cache\21+31\amd64\prism_d3d.dll
Event: 0.370 Loaded shared library C:\Users\suxov\.openjfx\cache\21+31\amd64\glass.dll
Event: 0.469 Loaded shared library C:\Program Files\Java\jdk-21\bin\jimage.dll
Event: 0.565 Loaded shared library C:\Users\suxov\.openjfx\cache\21+31\amd64\javafx_font.dll
Event: 0.687 Loaded shared library C:\Users\suxov\.openjfx\cache\21+31\amd64\javafx_iio.dll

Deoptimization events (20 events):
Event: 3.636 Thread 0x000002095f6edcd0 DEOPT PACKING pc=0x00000209100ed2d4 sp=0x00000055e9afa600
Event: 3.636 Thread 0x000002095f6edcd0 DEOPT UNPACKING pc=0x000002090f8446a2 sp=0x00000055e9afa5a8 mode 2
Event: 3.652 Thread 0x000002095f6edcd0 Uncommon trap: trap_request=0xffffff45 fr.pc=0x00000209100b68a0 relative=0x0000000000000780
Event: 3.652 Thread 0x000002095f6edcd0 Uncommon trap: reason=unstable_if action=reinterpret pc=0x00000209100b68a0 method=javafx.scene.Node.updateBounds()V @ 27 c2
Event: 3.652 Thread 0x000002095f6edcd0 DEOPT PACKING pc=0x00000209100b68a0 sp=0x00000055e9afb300
Event: 3.652 Thread 0x000002095f6edcd0 DEOPT UNPACKING pc=0x000002090f8446a2 sp=0x00000055e9afb250 mode 2
Event: 3.652 Thread 0x000002095f6edcd0 Uncommon trap: trap_request=0xffffff45 fr.pc=0x00000209100bd3b0 relative=0x00000000000003d0
Event: 3.652 Thread 0x000002095f6edcd0 Uncommon trap: reason=unstable_if action=reinterpret pc=0x00000209100bd3b0 method=javafx.scene.Node.getLocalBounds(Lcom/sun/javafx/geom/BaseBounds;Lcom/sun/javafx/geom/transform/BaseTransform;)Lcom/sun/javafx/geom/BaseBounds; @ 11 c2
Event: 3.653 Thread 0x000002095f6edcd0 DEOPT PACKING pc=0x00000209100bd3b0 sp=0x00000055e9afb1e0
Event: 3.653 Thread 0x000002095f6edcd0 DEOPT UNPACKING pc=0x000002090f8446a2 sp=0x00000055e9afb178 mode 2
Event: 3.653 Thread 0x000002095f6edcd0 Uncommon trap: trap_request=0xffffff45 fr.pc=0x00000209100b2cd4 relative=0x0000000000000514
Event: 3.653 Thread 0x000002095f6edcd0 Uncommon trap: reason=unstable_if action=reinterpret pc=0x00000209100b2cd4 method=javafx.scene.Node.updateBounds()V @ 27 c2
Event: 3.653 Thread 0x000002095f6edcd0 DEOPT PACKING pc=0x00000209100b2cd4 sp=0x00000055e9afb340
Event: 3.653 Thread 0x000002095f6edcd0 DEOPT UNPACKING pc=0x000002090f8446a2 sp=0x00000055e9afb2f8 mode 2
Event: 3.662 Thread 0x000002095fb463e0 Uncommon trap: trap_request=0xffffff45 fr.pc=0x00000209100df294 relative=0x00000000000000d4
Event: 3.662 Thread 0x000002095fb463e0 Uncommon trap: reason=unstable_if action=reinterpret pc=0x00000209100df294 method=com.sun.javafx.sg.prism.NGNode.render(Lcom/sun/prism/Graphics;)V @ 29 c2
Event: 3.662 Thread 0x000002095fb463e0 DEOPT PACKING pc=0x00000209100df294 sp=0x00000055e96fd660
Event: 3.662 Thread 0x000002095fb463e0 DEOPT UNPACKING pc=0x000002090f8446a2 sp=0x00000055e96fd5f0 mode 2
Event: 4.529 Thread 0x000002095fb463e0 DEOPT PACKING pc=0x000002090889bb5d sp=0x00000055e96fe180
Event: 4.529 Thread 0x000002095fb463e0 DEOPT UNPACKING pc=0x000002090f844e42 sp=0x00000055e96fd5e8 mode 0

Classes loaded (20 events):
Event: 1.743 Loading class java/io/UnsupportedEncodingException
Event: 1.744 Loading class java/io/UnsupportedEncodingException done
Event: 1.787 Loading class java/lang/Math$RandomNumberGeneratorHolder
Event: 1.787 Loading class java/lang/Math$RandomNumberGeneratorHolder done
Event: 1.789 Loading class jdk/internal/event/ThreadSleepEvent
Event: 1.789 Loading class jdk/internal/event/ThreadSleepEvent done
Event: 2.812 Loading class sun/util/resources/LocaleData$CommonResourceBundleProvider
Event: 2.812 Loading class sun/util/resources/LocaleData$LocaleDataResourceBundleProvider
Event: 2.812 Loading class java/util/spi/ResourceBundleProvider
Event: 2.812 Loading class java/util/spi/ResourceBundleProvider done
Event: 2.812 Loading class sun/util/resources/LocaleData$LocaleDataResourceBundleProvider done
Event: 2.812 Loading class sun/util/resources/LocaleData$CommonResourceBundleProvider done
Event: 2.812 Loading class sun/util/resources/Bundles$2
Event: 2.812 Loading class sun/util/resources/Bundles$2 done
Event: 3.621 Loading class java/lang/Throwable$WrappedPrintStream
Event: 3.621 Loading class java/lang/Throwable$PrintStreamOrWriter
Event: 3.621 Loading class java/lang/Throwable$PrintStreamOrWriter done
Event: 3.621 Loading class java/lang/Throwable$WrappedPrintStream done
Event: 11.507 Loading class jdk/internal/misc/Signal$1
Event: 11.507 Loading class jdk/internal/misc/Signal$1 done

Classes unloaded (0 events):
No events

Classes redefined (0 events):
No events

Internal exceptions (20 events):
Event: 0.916 Thread 0x000002095f6edcd0 Exception <a 'java/lang/ClassNotFoundException'{0x000000070e242010}: com/sun/javafx/scene/control/skin/resources/controls_ru> (0x000000070e242010) 
thrown [s\open\src\hotspot\share\prims\jni.cpp, line 539]
Event: 0.916 Thread 0x000002095f6edcd0 Exception <a 'java/lang/ClassNotFoundException'{0x000000070e242fb8}: com/sun/javafx/scene/control/skin/resources/controls_ru_RU> (0x000000070e242fb8) 
thrown [s\open\src\hotspot\share\prims\jni.cpp, line 539]
Event: 0.937 Thread 0x000002095f6edcd0 Exception <a 'java/lang/NoSuchMethodError'{0x000000070e0366b8}: 'void java.lang.invoke.DirectMethodHandle$Holder.invokeSpecial(java.lang.Object, java.lang.Object, java.lang.Object, java.lang.Object, java.lang.Object, java.lang.Object)'> (0x000000070e0366b8) 
thrown [s\open\src\hotspot\share\interpreter\linkResolver.cpp, line 773]
Event: 0.994 Thread 0x000002095f6edcd0 Exception <a 'java/lang/NoSuchMethodError'{0x0000000710c3fd50}: 'int java.lang.invoke.DirectMethodHandle$Holder.invokeStaticInit(java.lang.Object, java.lang.Object)'> (0x0000000710c3fd50) 
thrown [s\open\src\hotspot\share\interpreter\linkResolver.cpp, line 773]
Event: 1.023 Thread 0x000002095f6edcd0 Implicit null exception at 0x0000020910016fd7 to 0x000002091001818c
Event: 1.052 Thread 0x00000209199dc130 Exception <a 'sun/nio/fs/WindowsException'{0x0000000710683670}> (0x0000000710683670) 
thrown [s\open\src\hotspot\share\prims\jni.cpp, line 520]
Event: 1.078 Thread 0x000002095f6edcd0 Exception <a 'java/lang/NoSuchMethodError'{0x00000007105cfa38}: 'int java.lang.invoke.DirectMethodHandle$Holder.invokeSpecial(java.lang.Object, java.lang.Object, int)'> (0x00000007105cfa38) 
thrown [s\open\src\hotspot\share\interpreter\linkResolver.cpp, line 773]
Event: 1.124 Thread 0x000002095f6edcd0 Exception <a 'java/lang/NoSuchMethodError'{0x00000007103ad730}: 'void java.lang.invoke.DirectMethodHandle$Holder.invokeSpecial(java.lang.Object, java.lang.Object, int, int)'> (0x00000007103ad730) 
thrown [s\open\src\hotspot\share\interpreter\linkResolver.cpp, line 773]
Event: 1.125 Thread 0x000002095f6edcd0 Exception <a 'java/lang/NoSuchMethodError'{0x00000007103b37a0}: 'java.lang.Object java.lang.invoke.DirectMethodHandle$Holder.newInvokeSpecial(java.lang.Object, java.lang.Object, int, int)'> (0x00000007103b37a0) 
thrown [s\open\src\hotspot\share\interpreter\linkResolver.cpp, line 773]
Event: 1.125 Thread 0x000002095f6edcd0 Exception <a 'java/lang/NoSuchMethodError'{0x00000007103b7700}: 'java.lang.Object java.lang.invoke.DirectMethodHandle$Holder.invokeSpecial(java.lang.Object, java.lang.Object, java.lang.Object, int, int)'> (0x00000007103b7700) 
thrown [s\open\src\hotspot\share\interpreter\linkResolver.cpp, line 773]
Event: 1.136 Thread 0x000002095f6edcd0 Exception <a 'java/lang/NoSuchMethodError'{0x00000007103e8570}: 'java.lang.Object java.lang.invoke.DirectMethodHandle$Holder.newInvokeSpecial(java.lang.Object, java.lang.Object, int)'> (0x00000007103e8570) 
thrown [s\open\src\hotspot\share\interpreter\linkResolver.cpp, line 773]
Event: 1.751 Thread 0x000002095f6edcd0 Exception <a 'java/lang/NoSuchMethodError'{0x000000070fb8d128}: 'java.lang.Object java.lang.invoke.DirectMethodHandle$Holder.newInvokeSpecial(java.lang.Object, java.lang.Object, int, int, int, int, int, java.lang.Object)'> (0x000000070fb8d128) 
thrown [s\open\src\hotspot\share\interpreter\linkResolver.cpp, line 773]
Event: 1.752 Thread 0x000002095f6edcd0 Exception <a 'java/lang/NoSuchMethodError'{0x000000070fb9ed38}: 'java.lang.Object java.lang.invoke.DirectMethodHandle$Holder.newInvokeSpecial(java.lang.Object, java.lang.Object, java.lang.Object, int, int, int, int, int)'> (0x000000070fb9ed38) 
thrown [s\open\src\hotspot\share\interpreter\linkResolver.cpp, line 773]
Event: 1.752 Thread 0x000002095f6edcd0 Exception <a 'java/lang/NoSuchMethodError'{0x000000070fba6078}: 'java.lang.Object java.lang.invoke.Invokers$Holder.linkToTargetMethod(java.lang.Object, java.lang.Object, int, int, int, int, int, java.lang.Object)'> (0x000000070fba6078) 
thrown [s\open\src\hotspot\share\interpreter\linkResolver.cpp, line 773]
Event: 1.760 Thread 0x000002095f6edcd0 Exception <a 'java/lang/NoSuchMethodError'{0x000000070fbc6e88}: 'long java.lang.invoke.DirectMethodHandle$Holder.invokeStatic(java.lang.Object, java.lang.Object, java.lang.Object)'> (0x000000070fbc6e88) 
thrown [s\open\src\hotspot\share\interpreter\linkResolver.cpp, line 773]
Event: 1.760 Thread 0x000002095f6edcd0 Exception <a 'java/lang/NoSuchMethodError'{0x000000070fbca258}: 'long java.lang.invoke.DirectMethodHandle$Holder.invokeStaticInit(java.lang.Object, java.lang.Object, java.lang.Object)'> (0x000000070fbca258) 
thrown [s\open\src\hotspot\share\interpreter\linkResolver.cpp, line 773]
Event: 1.761 Thread 0x000002095f6edcd0 Exception <a 'java/lang/NoSuchMethodError'{0x000000070fbde850}: 'java.lang.Object java.lang.invoke.DirectMethodHandle$Holder.newInvokeSpecial(java.lang.Object, java.lang.Object, long)'> (0x000000070fbde850) 
thrown [s\open\src\hotspot\share\interpreter\linkResolver.cpp, line 773]
Event: 1.761 Thread 0x000002095f6edcd0 Exception <a 'java/lang/NoSuchMethodError'{0x000000070fbe2148}: 'java.lang.Object java.lang.invoke.Invokers$Holder.linkToTargetMethod(java.lang.Object, long, java.lang.Object)'> (0x000000070fbe2148) 
thrown [s\open\src\hotspot\share\interpreter\linkResolver.cpp, line 773]
Event: 3.621 Thread 0x0000020970cd5920 Exception <a 'java/lang/InterruptedException'{0x000000070f89c258}: sleep interrupted> (0x000000070f89c258) 
thrown [s\open\src\hotspot\share\prims\jvm.cpp, line 3074]
Event: 3.621 Thread 0x0000020970cd2b30 Exception <a 'java/lang/InterruptedException'{0x000000070f7cf190}: sleep interrupted> (0x000000070f7cf190) 
thrown [s\open\src\hotspot\share\prims\jvm.cpp, line 3074]

ZGC Phase Switch (0 events):
No events

VM Operations (20 events):
Event: 0.904 Executing VM operation: ICBufferFull done
Event: 0.975 Executing VM operation: G1CollectForAllocation (G1 Evacuation Pause)
Event: 0.978 Executing VM operation: G1CollectForAllocation (G1 Evacuation Pause) done
Event: 1.050 Executing VM operation: HandshakeAllThreads (Deoptimize)
Event: 1.050 Executing VM operation: HandshakeAllThreads (Deoptimize) done
Event: 1.065 Executing VM operation: HandshakeAllThreads (Deoptimize)
Event: 1.065 Executing VM operation: HandshakeAllThreads (Deoptimize) done
Event: 1.095 Executing VM operation: ICBufferFull
Event: 1.095 Executing VM operation: ICBufferFull done
Event: 1.760 Executing VM operation: ICBufferFull
Event: 1.760 Executing VM operation: ICBufferFull done
Event: 2.336 Executing VM operation: ICBufferFull
Event: 2.336 Executing VM operation: ICBufferFull done
Event: 3.626 Executing VM operation: ICBufferFull
Event: 3.626 Executing VM operation: ICBufferFull done
Event: 4.626 Executing VM operation: Cleanup
Event: 4.626 Executing VM operation: Cleanup done
Event: 8.628 Executing VM operation: Cleanup
Event: 8.628 Executing VM operation: Cleanup done
Event: 11.508 Executing VM operation: Exit

Events (20 events):
Event: 1.376 Thread 0x0000020970cb3670 Thread exited: 0x0000020970cb3670
Event: 1.376 Thread 0x0000020919d78990 Thread exited: 0x0000020919d78990
Event: 1.376 Thread 0x0000020919d78990 Thread added: 0x0000020919d78990
Event: 1.789 Thread 0x0000020970cd5920 Thread added: 0x0000020970cd5920
Event: 1.789 Thread 0x0000020970cd2b30 Thread added: 0x0000020970cd2b30
Event: 2.112 Thread 0x0000020919d78990 Thread exited: 0x0000020919d78990
Event: 3.621 Thread 0x0000020970cd5920 Thread exited: 0x0000020970cd5920
Event: 3.622 Thread 0x0000020970cd2b30 Thread exited: 0x0000020970cd2b30
Event: 3.636 Thread 0x00000209715df500 Thread added: 0x00000209715df500
Event: 3.637 Thread 0x00000209715dfbb0 Thread added: 0x00000209715dfbb0
Event: 3.934 Thread 0x00000209715dfbb0 Thread exited: 0x00000209715dfbb0
Event: 3.934 Thread 0x00000209715df500 Thread exited: 0x00000209715df500
Event: 4.472 Thread 0x0000020919cff360 Thread exited: 0x0000020919cff360
Event: 4.527 Thread 0x0000020919cfecb0 Thread exited: 0x0000020919cfecb0
Event: 9.454 Thread 0x00000209199fe080 Thread exited: 0x00000209199fe080
Event: 11.507 Thread 0x0000020970cd4c00 Thread added: 0x0000020970cd4c00
Event: 11.507 Thread 0x0000020970cd31c0 Thread added: 0x0000020970cd31c0
Event: 11.507 Thread 0x0000020970cd5920 Thread added: 0x0000020970cd5920
Event: 11.508 Thread 0x0000020970cd5920 Thread exited: 0x0000020970cd5920
Event: 11.508 Thread 0x0000020970cd31c0 Thread exited: 0x0000020970cd31c0


Dynamic libraries:
0x00007ff7c8c50000 - 0x00007ff7c8c60000 	C:\Program Files\Java\jdk-21\bin\java.exe
0x00007ff8f1a50000 - 0x00007ff8f1c67000 	C:\WINDOWS\SYSTEM32\ntdll.dll
0x00007ff8f1720000 - 0x00007ff8f17e4000 	C:\WINDOWS\System32\KERNEL32.DLL
0x00007ff8ef240000 - 0x00007ff8ef5ed000 	C:\WINDOWS\System32\KERNELBASE.dll
0x00007ff8eed70000 - 0x00007ff8eee81000 	C:\WINDOWS\System32\ucrtbase.dll
0x00007ff8e3860000 - 0x00007ff8e387b000 	C:\Program Files\Java\jdk-21\bin\VCRUNTIME140.dll
0x00007ff8e38a0000 - 0x00007ff8e38b9000 	C:\Program Files\Java\jdk-21\bin\jli.dll
0x00007ff8ef9b0000 - 0x00007ff8efa62000 	C:\WINDOWS\System32\ADVAPI32.dll
0x00007ff8ef7a0000 - 0x00007ff8ef847000 	C:\WINDOWS\System32\msvcrt.dll
0x00007ff8efee0000 - 0x00007ff8eff89000 	C:\WINDOWS\System32\sechost.dll
0x00007ff8ef1a0000 - 0x00007ff8ef1c8000 	C:\WINDOWS\System32\bcrypt.dll
0x00007ff8efd70000 - 0x00007ff8efe84000 	C:\WINDOWS\System32\RPCRT4.dll
0x00007ff8efb10000 - 0x00007ff8efcbe000 	C:\WINDOWS\System32\USER32.dll
0x00007ff8ef6b0000 - 0x00007ff8ef6d6000 	C:\WINDOWS\System32\win32u.dll
0x00007ff8efe90000 - 0x00007ff8efeb9000 	C:\WINDOWS\System32\GDI32.dll
0x00007ff8d94e0000 - 0x00007ff8d9773000 	C:\WINDOWS\WinSxS\amd64_microsoft.windows.common-controls_6595b64144ccf1df_6.0.22621.3672_none_2713b9d173822955\COMCTL32.dll
0x00007ff8eee90000 - 0x00007ff8eefa9000 	C:\WINDOWS\System32\gdi32full.dll
0x00007ff8ef6e0000 - 0x00007ff8ef77a000 	C:\WINDOWS\System32\msvcp_win.dll
0x00007ff8e42a0000 - 0x00007ff8e42aa000 	C:\WINDOWS\SYSTEM32\VERSION.dll
0x00007ff8f1350000 - 0x00007ff8f1381000 	C:\WINDOWS\System32\IMM32.DLL
0x00007ff8ebf80000 - 0x00007ff8ebf8c000 	C:\Program Files\Java\jdk-21\bin\vcruntime140_1.dll
0x00007ff8bea80000 - 0x00007ff8beb0e000 	C:\Program Files\Java\jdk-21\bin\msvcp140.dll
0x00007ff8480e0000 - 0x00007ff848df7000 	C:\Program Files\Java\jdk-21\bin\server\jvm.dll
0x00007ff8f0970000 - 0x00007ff8f09e1000 	C:\WINDOWS\System32\WS2_32.dll
0x00007ff8ee5f0000 - 0x00007ff8ee63d000 	C:\WINDOWS\SYSTEM32\POWRPROF.dll
0x00007ff8df2b0000 - 0x00007ff8df2e4000 	C:\WINDOWS\SYSTEM32\WINMM.dll
0x00007ff8ee5b0000 - 0x00007ff8ee5c3000 	C:\WINDOWS\SYSTEM32\UMPDC.dll
0x00007ff8edd60000 - 0x00007ff8edd78000 	C:\WINDOWS\SYSTEM32\kernel.appcore.dll
0x00007ff8e6950000 - 0x00007ff8e695a000 	C:\Program Files\Java\jdk-21\bin\jimage.dll
0x00007ff8e5d90000 - 0x00007ff8e5fc2000 	C:\WINDOWS\SYSTEM32\DBGHELP.DLL
0x00007ff8f1390000 - 0x00007ff8f171d000 	C:\WINDOWS\System32\combase.dll
0x00007ff8ef850000 - 0x00007ff8ef927000 	C:\WINDOWS\System32\OLEAUT32.dll
0x00007ff8d2150000 - 0x00007ff8d2182000 	C:\WINDOWS\SYSTEM32\dbgcore.DLL
0x00007ff8ef120000 - 0x00007ff8ef19b000 	C:\WINDOWS\System32\bcryptPrimitives.dll
0x00007ff8e2840000 - 0x00007ff8e284f000 	C:\Program Files\Java\jdk-21\bin\instrument.dll
0x00007ff8e3840000 - 0x00007ff8e385f000 	C:\Program Files\Java\jdk-21\bin\java.dll
0x00007ff8f0100000 - 0x00007ff8f0968000 	C:\WINDOWS\System32\SHELL32.dll
0x00007ff8ecc70000 - 0x00007ff8ed56e000 	C:\WINDOWS\SYSTEM32\windows.storage.dll
0x00007ff8ecb30000 - 0x00007ff8ecc6f000 	C:\WINDOWS\SYSTEM32\wintypes.dll
0x00007ff8eff90000 - 0x00007ff8f0089000 	C:\WINDOWS\System32\SHCORE.dll
0x00007ff8f1140000 - 0x00007ff8f119e000 	C:\WINDOWS\System32\shlwapi.dll
0x00007ff8eeca0000 - 0x00007ff8eecc1000 	C:\WINDOWS\SYSTEM32\profapi.dll
0x00007ff8b7fc0000 - 0x00007ff8b8097000 	C:\Program Files\Java\jdk-21\bin\jsvml.dll
0x00007ff8e3830000 - 0x00007ff8e3840000 	C:\Program Files\Java\jdk-21\bin\net.dll
0x00007ff8ead30000 - 0x00007ff8eae66000 	C:\WINDOWS\SYSTEM32\WINHTTP.dll
0x00007ff8ee1c0000 - 0x00007ff8ee229000 	C:\WINDOWS\system32\mswsock.dll
0x00007ff8e3810000 - 0x00007ff8e3826000 	C:\Program Files\Java\jdk-21\bin\nio.dll
0x00007ff8e37d0000 - 0x00007ff8e37e8000 	C:\Program Files\Java\jdk-21\bin\zip.dll
0x00007ff8e2800000 - 0x00007ff8e281a000 	C:\Program Files\JetBrains\IntelliJ IDEA 2024.1.1\bin\breakgen64.dll
0x0000020919f30000 - 0x0000020919f33000 	C:\Users\suxov\.openjfx\cache\21+31\amd64\api-ms-win-core-console-l1-1-0.dll
0x0000020919f40000 - 0x0000020919f43000 	C:\Users\suxov\.openjfx\cache\21+31\amd64\api-ms-win-core-console-l1-2-0.dll
0x0000020919f50000 - 0x0000020919f53000 	C:\Users\suxov\.openjfx\cache\21+31\amd64\api-ms-win-core-datetime-l1-1-0.dll
0x0000020919f60000 - 0x0000020919f63000 	C:\Users\suxov\.openjfx\cache\21+31\amd64\api-ms-win-core-debug-l1-1-0.dll
0x0000020919f70000 - 0x0000020919f73000 	C:\Users\suxov\.openjfx\cache\21+31\amd64\api-ms-win-core-errorhandling-l1-1-0.dll
0x0000020919f80000 - 0x0000020919f84000 	C:\Users\suxov\.openjfx\cache\21+31\amd64\api-ms-win-core-file-l1-1-0.dll
0x0000020919f90000 - 0x0000020919f93000 	C:\Users\suxov\.openjfx\cache\21+31\amd64\api-ms-win-core-file-l1-2-0.dll
0x0000020919fa0000 - 0x0000020919fa3000 	C:\Users\suxov\.openjfx\cache\21+31\amd64\api-ms-win-core-file-l2-1-0.dll
0x0000020919fb0000 - 0x0000020919fb3000 	C:\Users\suxov\.openjfx\cache\21+31\amd64\api-ms-win-core-handle-l1-1-0.dll
0x0000020919fc0000 - 0x0000020919fc3000 	C:\Users\suxov\.openjfx\cache\21+31\amd64\api-ms-win-core-heap-l1-1-0.dll
0x0000020919fd0000 - 0x0000020919fd3000 	C:\Users\suxov\.openjfx\cache\21+31\amd64\api-ms-win-core-interlocked-l1-1-0.dll
0x0000020919fe0000 - 0x0000020919fe3000 	C:\Users\suxov\.openjfx\cache\21+31\amd64\api-ms-win-core-libraryloader-l1-1-0.dll
0x0000020919ff0000 - 0x0000020919ff3000 	C:\Users\suxov\.openjfx\cache\21+31\amd64\api-ms-win-core-localization-l1-2-0.dll
0x00000209608e0000 - 0x00000209608e3000 	C:\Users\suxov\.openjfx\cache\21+31\amd64\api-ms-win-core-memory-l1-1-0.dll
0x00000209608f0000 - 0x00000209608f3000 	C:\Users\suxov\.openjfx\cache\21+31\amd64\api-ms-win-core-namedpipe-l1-1-0.dll
0x00000209607d0000 - 0x00000209607d3000 	C:\Users\suxov\.openjfx\cache\21+31\amd64\api-ms-win-core-processenvironment-l1-1-0.dll
0x00000209607e0000 - 0x00000209607e3000 	C:\Users\suxov\.openjfx\cache\21+31\amd64\api-ms-win-core-processthreads-l1-1-0.dll
0x00000209607f0000 - 0x00000209607f3000 	C:\Users\suxov\.openjfx\cache\21+31\amd64\api-ms-win-core-processthreads-l1-1-1.dll
0x0000020960800000 - 0x0000020960803000 	C:\Users\suxov\.openjfx\cache\21+31\amd64\api-ms-win-core-profile-l1-1-0.dll
0x0000020960810000 - 0x0000020960813000 	C:\Users\suxov\.openjfx\cache\21+31\amd64\api-ms-win-core-rtlsupport-l1-1-0.dll
0x0000020960820000 - 0x0000020960823000 	C:\Users\suxov\.openjfx\cache\21+31\amd64\api-ms-win-core-string-l1-1-0.dll
0x0000020960830000 - 0x0000020960833000 	C:\Users\suxov\.openjfx\cache\21+31\amd64\api-ms-win-core-synch-l1-1-0.dll
0x0000020960840000 - 0x0000020960843000 	C:\Users\suxov\.openjfx\cache\21+31\amd64\api-ms-win-core-synch-l1-2-0.dll
0x0000020960850000 - 0x0000020960853000 	C:\Users\suxov\.openjfx\cache\21+31\amd64\api-ms-win-core-sysinfo-l1-1-0.dll
0x0000020960860000 - 0x0000020960863000 	C:\Users\suxov\.openjfx\cache\21+31\amd64\api-ms-win-core-timezone-l1-1-0.dll
0x0000020960870000 - 0x0000020960873000 	C:\Users\suxov\.openjfx\cache\21+31\amd64\api-ms-win-core-util-l1-1-0.dll
0x0000020960880000 - 0x0000020960883000 	C:\Users\suxov\.openjfx\cache\21+31\amd64\api-ms-win-crt-conio-l1-1-0.dll
0x0000020960890000 - 0x0000020960894000 	C:\Users\suxov\.openjfx\cache\21+31\amd64\api-ms-win-crt-convert-l1-1-0.dll
0x00000209608a0000 - 0x00000209608a3000 	C:\Users\suxov\.openjfx\cache\21+31\amd64\api-ms-win-crt-environment-l1-1-0.dll
0x00000209608b0000 - 0x00000209608b3000 	C:\Users\suxov\.openjfx\cache\21+31\amd64\api-ms-win-crt-filesystem-l1-1-0.dll
0x00000209608c0000 - 0x00000209608c3000 	C:\Users\suxov\.openjfx\cache\21+31\amd64\api-ms-win-crt-heap-l1-1-0.dll
0x00000209608d0000 - 0x00000209608d3000 	C:\Users\suxov\.openjfx\cache\21+31\amd64\api-ms-win-crt-locale-l1-1-0.dll
0x0000020960a20000 - 0x0000020960a25000 	C:\Users\suxov\.openjfx\cache\21+31\amd64\api-ms-win-crt-math-l1-1-0.dll
0x0000020960a30000 - 0x0000020960a35000 	C:\Users\suxov\.openjfx\cache\21+31\amd64\api-ms-win-crt-multibyte-l1-1-0.dll
0x0000020960900000 - 0x0000020960910000 	C:\Users\suxov\.openjfx\cache\21+31\amd64\api-ms-win-crt-private-l1-1-0.dll
0x0000020960910000 - 0x0000020960913000 	C:\Users\suxov\.openjfx\cache\21+31\amd64\api-ms-win-crt-process-l1-1-0.dll
0x0000020960920000 - 0x0000020960924000 	C:\Users\suxov\.openjfx\cache\21+31\amd64\api-ms-win-crt-runtime-l1-1-0.dll
0x0000020960930000 - 0x0000020960934000 	C:\Users\suxov\.openjfx\cache\21+31\amd64\api-ms-win-crt-stdio-l1-1-0.dll
0x0000020960940000 - 0x0000020960944000 	C:\Users\suxov\.openjfx\cache\21+31\amd64\api-ms-win-crt-string-l1-1-0.dll
0x0000020960950000 - 0x0000020960953000 	C:\Users\suxov\.openjfx\cache\21+31\amd64\api-ms-win-crt-time-l1-1-0.dll
0x0000020960960000 - 0x0000020960963000 	C:\Users\suxov\.openjfx\cache\21+31\amd64\api-ms-win-crt-utility-l1-1-0.dll
0x00007ff8b6d40000 - 0x00007ff8b6e3c000 	C:\Users\suxov\.openjfx\cache\21+31\amd64\ucrtbase.dll
0x00007ff8cf7e0000 - 0x00007ff8cf7fb000 	C:\Users\suxov\.openjfx\cache\21+31\amd64\vcruntime140.dll
0x00007ff8d3f80000 - 0x00007ff8d3f8c000 	C:\Users\suxov\.openjfx\cache\21+31\amd64\vcruntime140_1.dll
0x00007ff8a55e0000 - 0x00007ff8a566e000 	C:\Users\suxov\.openjfx\cache\21+31\amd64\msvcp140.dll
0x00007ff8f11a0000 - 0x00007ff8f1345000 	C:\WINDOWS\System32\ole32.dll
0x00007ff8d3470000 - 0x00007ff8d3479000 	C:\Users\suxov\.openjfx\cache\21+31\amd64\msvcp140_1.dll
0x00007ff8b95b0000 - 0x00007ff8b95df000 	C:\Users\suxov\.openjfx\cache\21+31\amd64\msvcp140_2.dll
0x00007ff8b6d10000 - 0x00007ff8b6d3f000 	C:\Users\suxov\.openjfx\cache\21+31\amd64\prism_d3d.dll
0x00007ff8dc730000 - 0x00007ff8dc8d8000 	C:\WINDOWS\system32\d3d9.dll
0x00007ff8ec4e0000 - 0x00007ff8ec50b000 	C:\WINDOWS\SYSTEM32\dwmapi.dll
0x00007ff8ec380000 - 0x00007ff8ec3b7000 	C:\WINDOWS\SYSTEM32\dxcore.dll
0x00007ff8ec240000 - 0x00007ff8ec2f0000 	C:\WINDOWS\system32\uxtheme.dll
0x00007ff8c1830000 - 0x00007ff8c1850000 	C:\WINDOWS\System32\DriverStore\FileRepository\u0406784.inf_amd64_f5225d40b64e3982\B405281\atidx9loader64.dll
0x00007ff895c00000 - 0x00007ff899444000 	C:\WINDOWS\System32\DriverStore\FileRepository\u0406784.inf_amd64_f5225d40b64e3982\B405281\AMDXN64.DLL
0x00007ff8f09f0000 - 0x00007ff8f0e64000 	C:\WINDOWS\System32\SETUPAPI.dll
0x00007ff8ec3c0000 - 0x00007ff8ec4b7000 	C:\WINDOWS\SYSTEM32\dxgi.dll
0x00007ff8cac80000 - 0x00007ff8cacb7000 	C:\WINDOWS\System32\DriverStore\FileRepository\u0406784.inf_amd64_f5225d40b64e3982\B405281\amdihk64.dll
0x00007ff8e6f30000 - 0x00007ff8e6f79000 	C:\WINDOWS\SYSTEM32\directxdatabasehelper.dll
0x00007ff8b6c30000 - 0x00007ff8b6c72000 	C:\Users\suxov\.openjfx\cache\21+31\amd64\glass.dll
0x00007ff8f1040000 - 0x00007ff8f113f000 	C:\WINDOWS\System32\COMDLG32.dll
0x00007ff8f0e70000 - 0x00007ff8f0fcb000 	C:\WINDOWS\System32\MSCTF.dll
0x00007ff8c2110000 - 0x00007ff8c2124000 	C:\Users\suxov\.openjfx\cache\21+31\amd64\javafx_font.dll
0x00007ff8e89f0000 - 0x00007ff8e8c63000 	C:\WINDOWS\SYSTEM32\dwrite.dll
0x00007ff8b4f10000 - 0x00007ff8b4f3d000 	C:\Users\suxov\.openjfx\cache\21+31\amd64\javafx_iio.dll
0x00007ff8efcc0000 - 0x00007ff8efd70000 	C:\WINDOWS\System32\clbcatq.dll
0x00007ff8ebfb0000 - 0x00007ff8ec161000 	C:\WINDOWS\SYSTEM32\WindowsCodecs.dll
0x00007ff8db570000 - 0x00007ff8db5ce000 	C:\WINDOWS\system32\dataexchange.dll
0x00007ff8deed0000 - 0x00007ff8df15a000 	C:\WINDOWS\system32\twinapi.appcore.dll
0x00007ff8b2a70000 - 0x00007ff8b2aa2000 	C:\Program Files\Common Files\Microsoft Shared\Ink\rtscom.dll
0x00007ff8e59b0000 - 0x00007ff8e5afe000 	C:\WINDOWS\SYSTEM32\textinputframework.dll
0x00007ff8e9de0000 - 0x00007ff8e9f13000 	C:\WINDOWS\SYSTEM32\CoreMessaging.dll
0x00007ff8e7410000 - 0x00007ff8e777d000 	C:\WINDOWS\SYSTEM32\CoreUIComponents.dll
0x00007ff8ee560000 - 0x00007ff8ee56c000 	C:\WINDOWS\SYSTEM32\CRYPTBASE.DLL
0x00007ff8dfc30000 - 0x00007ff8dfc7b000 	C:\WINDOWS\system32\ApplicationTargetedFeatureDatabase.dll

dbghelp: loaded successfully - version: 4.0.5 - missing functions: none
symbol engine: initialized successfully - sym options: 0x614 - pdb path: .;C:\Program Files\Java\jdk-21\bin;C:\WINDOWS\SYSTEM32;C:\WINDOWS\WinSxS\amd64_microsoft.windows.common-controls_6595b64144ccf1df_6.0.22621.3672_none_2713b9d173822955;C:\Program Files\Java\jdk-21\bin\server;C:\Program Files\JetBrains\IntelliJ IDEA 2024.1.1\bin;C:\Users\suxov\.openjfx\cache\21+31\amd64;C:\WINDOWS\System32\DriverStore\FileRepository\u0406784.inf_amd64_f5225d40b64e3982\B405281;C:\Program Files\Common Files\Microsoft Shared\Ink

VM Arguments:
jvm_args: -javaagent:C:\Program Files\JetBrains\IntelliJ IDEA 2024.1.1\lib\idea_rt.jar=62387:C:\Program Files\JetBrains\IntelliJ IDEA 2024.1.1\bin -Dfile.encoding=UTF-8 -Dsun.stdout.encoding=UTF-8 -Dsun.stderr.encoding=UTF-8 --module-path=C:\Users\suxov\.m2\repository\org\openjfx\javafx-graphics\21\javafx-graphics-21-win.jar;C:\Users\suxov\.m2\repository\org\openjfx\javafx-base\21\javafx-base-21-win.jar;C:\Users\suxov\.m2\repository\org\openjfx\javafx-fxml\21\javafx-fxml-21-win.jar;C:\Users\suxov\.m2\repository\org\openjfx\javafx-controls\21\javafx-controls-21-win.jar;C:\Users\suxov\IdeaProjects\laba1\target\classes -Djdk.module.main=com.example.laba1_test 
java_command: com.example.laba1_test/com.example.laba1_test.Main
java_class_path (initial): C:\Users\suxov\.m2\repository\org\openjfx\javafx-controls\21\javafx-controls-21.jar;C:\Users\suxov\.m2\repository\org\openjfx\javafx-graphics\21\javafx-graphics-21.jar;C:\Users\suxov\.m2\repository\org\openjfx\javafx-base\21\javafx-base-21.jar;C:\Users\suxov\.m2\repository\org\openjfx\javafx-fxml\21\javafx-fxml-21.jar
Launcher Type: SUN_STANDARD

[Global flags]
     intx CICompilerCount                          = 12                                        {product} {ergonomic}
     uint ConcGCThreads                            = 3                                         {product} {ergonomic}
     uint G1ConcRefinementThreads                  = 13                                        {product} {ergonomic}
   size_t G1HeapRegionSize                         = 2097152                                   {product} {ergonomic}
    uintx GCDrainStackTargetSize                   = 64                                        {product} {ergonomic}
   size_t InitialHeapSize                          = 268435456                                 {product} {ergonomic}
   size_t MarkStackSize                            = 4194304                                   {product} {ergonomic}
   size_t MaxHeapSize                              = 4278190080                                {product} {ergonomic}
   size_t MaxNewSize                               = 2566914048                                {product} {ergonomic}
   size_t MinHeapDeltaBytes                        = 2097152                                   {product} {ergonomic}
   size_t MinHeapSize                              = 8388608                                   {product} {ergonomic}
    uintx NonNMethodCodeHeapSize                   = 7602480                                {pd product} {ergonomic}
    uintx NonProfiledCodeHeapSize                  = 122027880                              {pd product} {ergonomic}
    uintx ProfiledCodeHeapSize                     = 122027880                              {pd product} {ergonomic}
    uintx ReservedCodeCacheSize                    = 251658240                              {pd product} {ergonomic}
     bool SegmentedCodeCache                       = true                                      {product} {ergonomic}
   size_t SoftMaxHeapSize                          = 4278190080                             {manageable} {ergonomic}
     bool UseCompressedOops                        = true                           {product lp64_product} {ergonomic}
     bool UseG1GC                                  = true                                      {product} {ergonomic}
     bool UseLargePagesIndividualAllocation        = false                                  {pd product} {ergonomic}

Logging:
Log output configuration:
 #0: stdout all=off uptime,level,tags foldmultilines=false
 #1: stderr all=off uptime,level,tags foldmultilines=false

Environment Variables:
PATH=C:\Program Files\Common Files\Oracle\Java\javapath;C:\Program Files (x86)\Common Files\Oracle\Java\javapath;C:\Windows\system32;C:\Windows;C:\Windows\System32\Wbem;C:\Windows\System32\WindowsPowerShell\v1.0\;C:\Windows\System32\OpenSSH\;C:\Program Files (x86)\NVIDIA Corporation\PhysX\Common;C:\WINDOWS\system32;C:\WINDOWS;C:\WINDOWS\System32\Wbem;C:\WINDOWS\System32\WindowsPowerShell\v1.0\;C:\WINDOWS\System32\OpenSSH\;C:\Program Files\dotnet\;C:\MinGW\bin;C:\Program Files\Git\cmd;C:\Users\suxov\AppData\Local\Programs\Python\Python310\Scripts\;C:\Users\suxov\AppData\Local\Programs\Python\Python310\;C:\Users\suxov\AppData\Local\Microsoft\WindowsApps;;D:\programs\PyCharm Community Edition 2022.2.1\bin;;C:\Users\suxov\.dotnet\tools;C:\Program Files\JetBrains\IntelliJ IDEA Community Edition 2023.3.4\bin;
USERNAME=suxov
OS=Windows_NT
PROCESSOR_IDENTIFIER=AMD64 Family 25 Model 33 Stepping 2, AuthenticAMD
TMP=C:\Users\suxov\AppData\Local\Temp
TEMP=C:\Users\suxov\AppData\Local\Temp




Periodic native trim disabled

---------------  S Y S T E M  ---------------

OS:
 Windows 11 , 64 bit Build 22621 (10.0.22621.3958)
OS uptime: 13 days 10:20 hours
Hyper-V role detected

CPU: total 16 (initial active 16) (16 cores per cpu, 2 threads per core) family 25 model 33 stepping 2 microcode 0x0, cx8, cmov, fxsr, ht, mmx, 3dnowpref, sse, sse2, sse3, ssse3, sse4a, sse4.1, sse4.2, popcnt, lzcnt, tsc, tscinvbit, avx, avx2, aes, clmul, bmi1, bmi2, adx, sha, fma, vzeroupper, clflush, clflushopt, hv, rdtscp, rdpid, f16c, cet_ss
Processor Information for all 16 processors :
  Max Mhz: 3401, Current Mhz: 3401, Mhz Limit: 3401

Memory: 4k page, system-wide physical 16312M (5447M free)
TotalPageFile size 22303M (AvailPageFile size 4080M)
current process WorkingSet (physical memory assigned to process): 200M, peak: 226M
current process commit charge ("private bytes"): 513M, peak: 536M

vm_info: Java HotSpot(TM) 64-Bit Server VM (21.0.2+13-LTS-58) for windows-amd64 JRE (21.0.2+13-LTS-58), built on 2024-01-05T18:32:24Z by "mach5one" with MS VC++ 17.1 (VS2022)

END.
